\c postgres
-- create nonexistant extension
CREATE EXTENSION pg_trgm;
SELECT bdr.wait_slot_confirm_lsn(NULL,NULL);
 wait_slot_confirm_lsn 
-----------------------
 
(1 row)

\c regression
\dx pg_trgm
                                  List of installed extensions
  Name   | Version | Schema |                            Description                            
---------+---------+--------+-------------------------------------------------------------------
 pg_trgm | 1.6     | public | text similarity measurement and index searching based on trigrams
(1 row)

-- drop and recreate using CINE
DROP EXTENSION pg_trgm;
SELECT bdr.wait_slot_confirm_lsn(NULL,NULL);
 wait_slot_confirm_lsn 
-----------------------
 
(1 row)

\c postgres
\dx pg_trgm
     List of installed extensions
 Name | Version | Schema | Description 
------+---------+--------+-------------
(0 rows)

CREATE EXTENSION IF NOT EXISTS pg_trgm;
SELECT bdr.wait_slot_confirm_lsn(NULL,NULL);
 wait_slot_confirm_lsn 
-----------------------
 
(1 row)

\c regression
\dx pg_trgm
                                  List of installed extensions
  Name   | Version | Schema |                            Description                            
---------+---------+--------+-------------------------------------------------------------------
 pg_trgm | 1.6     | public | text similarity measurement and index searching based on trigrams
(1 row)

-- CINE existing extension
CREATE EXTENSION IF NOT EXISTS pg_trgm;
NOTICE:  extension "pg_trgm" already exists, skipping
SELECT bdr.wait_slot_confirm_lsn(NULL,NULL);
 wait_slot_confirm_lsn 
-----------------------
 
(1 row)

\c postgres
\dx pg_trgm
                                  List of installed extensions
  Name   | Version | Schema |                            Description                            
---------+---------+--------+-------------------------------------------------------------------
 pg_trgm | 1.6     | public | text similarity measurement and index searching based on trigrams
(1 row)

DROP EXTENSION pg_trgm;
